`
Query:

SELECT
    film_id,
    title,
    rental_rate
FROM film
ORDER BY title DESC
LIMIT 5;

Plan:

                       query plan
---------------------------------------------------------
 select (film_id, title, rental_rate)
    limit 5
        backward btree index scan of film via idx_title
(1 rows)

Results:

 film_id |       title       | rental_rate
---------+-------------------+-------------
    1000 | ZORRO ARK         |        4.99
     999 | ZOOLANDER FICTION |        2.99
     998 | ZHIVAGO CORE      |        0.99
     997 | YOUTH KICK        |        0.99
     996 | YOUNG LANGUAGE    |        0.99
(5 rows)
`
