`
Query:

SELECT *
FROM locations
JOIN regions
LIMIT 2
OFFSET 3

Plan:

select (location_id, location_name, region_id, region_id, region_name)
    limit 2
        offset 3
            join using nested loop
                table scan of locations
            with
                table scan of regions

Results:

 location_id | location_name | region_id | region_id | region_name
-------------+---------------+-----------+-----------+-------------
           2 |       Toronto |         1 |         2 |        EMEA
           3 |      New York |         1 |         1 |          NA
(2 rows)
`
