`
Query:

SELECT *
FROM locations l
JOIN regions r ON r.region_id = l.region_id AND region_name != 'NA'

Plan:

select (location_id, location_name, region_id, region_id, region_name)
    join using nested loop
        alias as l
            table scan of locations
    with
        alias as r
            table scan of regions
                filter: not region_name = NA and regions.region_id = l.region_id
    on r.region_id = l.region_id

Results:

 location_id | location_name | region_id | region_id | region_name
-------------+---------------+-----------+-----------+-------------
           4 |     Barcelona |         2 |         2 |        EMEA
           5 |     Cape Town |         2 |         2 |        EMEA
           6 |     Guangzhou |         2 |         2 |        EMEA
(3 rows)
`
