`
Query:

SELECT s.* FROM (
    SELECT email FROM customer
    EXCEPT
    SELECT email FROM customer WHERE active = 0
) s
ORDER BY s.email;

Plan:

                 query plan
--------------------------------------------
 select (email)
    order by s.email
        alias as s
            combination
                select (email)
                    table scan of customer
            with
                select (email)
                    table scan of customer
                        filter: active = 0
(1 rows)

Results:

                  email
------------------------------------------
 AARON.SELBY@sakilacustomer.org
 ADAM.GOOCH@sakilacustomer.org
 ADRIAN.CLARY@sakilacustomer.org
 AGNES.BISHOP@sakilacustomer.org
 ALAN.KAHN@sakilacustomer.org
 ALBERT.CROUSE@sakilacustomer.org
 ALBERTO.HENNING@sakilacustomer.org
 ALEX.GRESHAM@sakilacustomer.org
 ALEXANDER.FENNELL@sakilacustomer.org
 ALFRED.CASILLAS@sakilacustomer.org
 ALFREDO.MCADAMS@sakilacustomer.org
 ALICE.STEWART@sakilacustomer.org
 ALICIA.MILLS@sakilacustomer.org
 ALLAN.CORNISH@sakilacustomer.org
 ALLEN.BUTTERFIELD@sakilacustomer.org
 ALLISON.STANLEY@sakilacustomer.org
 ALMA.AUSTIN@sakilacustomer.org
 ALVIN.DELOACH@sakilacustomer.org
 AMANDA.CARTER@sakilacustomer.org
 AMBER.DIXON@sakilacustomer.org
 AMY.LOPEZ@sakilacustomer.org
 ANA.BRADLEY@sakilacustomer.org
 ANDRE.RAPP@sakilacustomer.org
 ANDREA.HENDERSON@sakilacustomer.org
 ANDREW.PURDY@sakilacustomer.org
 ANDY.VANHORN@sakilacustomer.org
 ANGEL.BARCLAY@sakilacustomer.org
 ANGELA.HERNANDEZ@sakilacustomer.org
 ANITA.MORALES@sakilacustomer.org
 ANN.EVANS@sakilacustomer.org
 ANNA.HILL@sakilacustomer.org
 ANNE.POWELL@sakilacustomer.org
 ANNETTE.OLSON@sakilacustomer.org
 ANNIE.RUSSELL@sakilacustomer.org
 ANTHONY.SCHWAB@sakilacustomer.org
 ANTONIO.MEEK@sakilacustomer.org
 APRIL.BURNS@sakilacustomer.org
 ARLENE.HARVEY@sakilacustomer.org
 ARMANDO.GRUBER@sakilacustomer.org
 ARNOLD.HAVENS@sakilacustomer.org
 ARTHUR.SIMPKINS@sakilacustomer.org
 ASHLEY.RICHARDSON@sakilacustomer.org
 AUDREY.RAY@sakilacustomer.org
 AUSTIN.CINTRON@sakilacustomer.org
 BARBARA.JONES@sakilacustomer.org
 BARRY.LOVELACE@sakilacustomer.org
 BEATRICE.ARNOLD@sakilacustomer.org
 BECKY.MILES@sakilacustomer.org
 BENJAMIN.VARNEY@sakilacustomer.org
 BERNARD.COLBY@sakilacustomer.org
 BERNICE.WILLIS@sakilacustomer.org
 BERTHA.FERGUSON@sakilacustomer.org
 BESSIE.MORRISON@sakilacustomer.org
 BETH.FRANKLIN@sakilacustomer.org
 BETTY.WHITE@sakilacustomer.org
 BEVERLY.BROOKS@sakilacustomer.org
 BILL.GAVIN@sakilacustomer.org
 BILLIE.HORTON@sakilacustomer.org
 BILLY.POULIN@sakilacustomer.org
 BOB.PFEIFFER@sakilacustomer.org
 BOBBIE.CRAIG@sakilacustomer.org
 BOBBY.BOUDREAU@sakilacustomer.org
 BONNIE.HUGHES@sakilacustomer.org
 BRAD.MCCURDY@sakilacustomer.org
 BRADLEY.MOTLEY@sakilacustomer.org
 BRANDON.HUEY@sakilacustomer.org
 BRANDY.GRAVES@sakilacustomer.org
 BRENDA.WRIGHT@sakilacustomer.org
 BRENT.HARKINS@sakilacustomer.org
 BRETT.CORNWELL@sakilacustomer.org
 BRIAN.WYMAN@sakilacustomer.org
 BRITTANY.RILEY@sakilacustomer.org
 BRUCE.SCHWARZ@sakilacustomer.org
 BRYAN.HARDISON@sakilacustomer.org
 BYRON.BOX@sakilacustomer.org
 CALVIN.MARTEL@sakilacustomer.org
 CARL.ARTIS@sakilacustomer.org
 CARLA.GUTIERREZ@sakilacustomer.org
 CARLOS.COUGHLIN@sakilacustomer.org
 CARMEN.OWENS@sakilacustomer.org
 CAROL.GARCIA@sakilacustomer.org
 CAROLE.BARNETT@sakilacustomer.org
 CAROLINE.BOWMAN@sakilacustomer.org
 CAROLYN.PEREZ@sakilacustomer.org
 CARRIE.PORTER@sakilacustomer.org
 CASEY.MENA@sakilacustomer.org
 CASSANDRA.WALTERS@sakilacustomer.org
 CATHERINE.CAMPBELL@sakilacustomer.org
 CATHY.SPENCER@sakilacustomer.org
 CECIL.VINES@sakilacustomer.org
 CHAD.CARBONE@sakilacustomer.org
 CHARLENE.ALVAREZ@sakilacustomer.org
 CHARLES.KOWALSKI@sakilacustomer.org
 CHARLIE.BESS@sakilacustomer.org
 CHARLOTTE.HUNTER@sakilacustomer.org
 CHERYL.MURPHY@sakilacustomer.org
 CHESTER.BENNER@sakilacustomer.org
 CHRIS.BROTHERS@sakilacustomer.org
 CHRISTINA.RAMIREZ@sakilacustomer.org
 CHRISTINE.ROBERTS@sakilacustomer.org
 CHRISTOPHER.GRECO@sakilacustomer.org
 CHRISTY.VARGAS@sakilacustomer.org
 CINDY.FISHER@sakilacustomer.org
 CLARA.SHAW@sakilacustomer.org
 CLARENCE.GAMEZ@sakilacustomer.org
 CLAUDE.HERZOG@sakilacustomer.org
 CLAUDIA.FULLER@sakilacustomer.org
 CLAYTON.BARBEE@sakilacustomer.org
 CLIFFORD.BOWENS@sakilacustomer.org
 CLIFTON.MALCOLM@sakilacustomer.org
 CLINTON.BUFORD@sakilacustomer.org
 CLYDE.TOBIAS@sakilacustomer.org
 CODY.NOLEN@sakilacustomer.org
 COLLEEN.BURTON@sakilacustomer.org
 CONNIE.WALLACE@sakilacustomer.org
 CONSTANCE.REID@sakilacustomer.org
 COREY.HAUSER@sakilacustomer.org
 CORY.MEEHAN@sakilacustomer.org
 COURTNEY.DAY@sakilacustomer.org
 CRAIG.MORRELL@sakilacustomer.org
 CRYSTAL.FORD@sakilacustomer.org
 CURTIS.IRBY@sakilacustomer.org
 CYNTHIA.YOUNG@sakilacustomer.org
 DAISY.BATES@sakilacustomer.org
 DALE.RATCLIFF@sakilacustomer.org
 DAN.PAINE@sakilacustomer.org
 DANA.HART@sakilacustomer.org
 DANIEL.CABRAL@sakilacustomer.org
 DANIELLE.DANIELS@sakilacustomer.org
 DANNY.ISOM@sakilacustomer.org
 DARLENE.ROSE@sakilacustomer.org
 DARRELL.POWER@sakilacustomer.org
 DARREN.WINDHAM@sakilacustomer.org
 DARRYL.ASHCRAFT@sakilacustomer.org
 DARYL.LARUE@sakilacustomer.org
 DAVE.GARDINER@sakilacustomer.org
 DAVID.ROYAL@sakilacustomer.org
 DAWN.SULLIVAN@sakilacustomer.org
 DEAN.SAUER@sakilacustomer.org
 DEANNA.BYRD@sakilacustomer.org
 DEBBIE.REYES@sakilacustomer.org
 DEBORAH.WALKER@sakilacustomer.org
 DEBRA.NELSON@sakilacustomer.org
 DELORES.HANSEN@sakilacustomer.org
 DENISE.KELLY@sakilacustomer.org
 DENNIS.GILMAN@sakilacustomer.org
 DEREK.BLAKELY@sakilacustomer.org
 DERRICK.BOURQUE@sakilacustomer.org
 DIANA.ALEXANDER@sakilacustomer.org
 DIANE.COLLINS@sakilacustomer.org
 DIANNE.SHELTON@sakilacustomer.org
 DOLORES.WAGNER@sakilacustomer.org
 DON.BONE@sakilacustomer.org
 DONALD.MAHON@sakilacustomer.org
 DONNA.THOMPSON@sakilacustomer.org
 DORA.MEDINA@sakilacustomer.org
 DORIS.REED@sakilacustomer.org
 DOROTHY.TAYLOR@sakilacustomer.org
 DOUGLAS.GRAF@sakilacustomer.org
 DUANE.TUBBS@sakilacustomer.org
 DUSTIN.GILLETTE@sakilacustomer.org
 DWAYNE.OLVERA@sakilacustomer.org
 DWIGHT.LOMBARDI@sakilacustomer.org
 EARL.SHANKS@sakilacustomer.org
 EDDIE.TOMLIN@sakilacustomer.org
 EDGAR.RHOADS@sakilacustomer.org
 EDITH.MCDONALD@sakilacustomer.org
 EDNA.WEST@sakilacustomer.org
 EDUARDO.HIATT@sakilacustomer.org
 EDWARD.BAUGH@sakilacustomer.org
 EDWIN.BURK@sakilacustomer.org
 EILEEN.CARR@sakilacustomer.org
 ELAINE.STEVENS@sakilacustomer.org
 ELEANOR.HUNT@sakilacustomer.org
 ELIZABETH.BROWN@sakilacustomer.org
 ELLA.OLIVER@sakilacustomer.org
 ELLEN.SIMPSON@sakilacustomer.org
 ELMER.NOE@sakilacustomer.org
 ELSIE.KELLEY@sakilacustomer.org
 EMILY.DIAZ@sakilacustomer.org
 EMMA.BOYD@sakilacustomer.org
 ENRIQUE.FORSYTHE@sakilacustomer.org
 ERIC.ROBERT@sakilacustomer.org
 ERIK.GUILLEN@sakilacustomer.org
 ERIKA.PENA@sakilacustomer.org
 ERIN.DUNN@sakilacustomer.org
 ERNEST.STEPP@sakilacustomer.org
 ESTHER.CRAWFORD@sakilacustomer.org
 ETHEL.WEBB@sakilacustomer.org
 EUGENE.CULPEPPER@sakilacustomer.org
 EVA.RAMOS@sakilacustomer.org
 EVELYN.MORGAN@sakilacustomer.org
 EVERETT.BANDA@sakilacustomer.org
 FELICIA.SUTTON@sakilacustomer.org
 FELIX.GAFFNEY@sakilacustomer.org
 FERNANDO.CHURCHILL@sakilacustomer.org
 FLORENCE.WOODS@sakilacustomer.org
 FLOYD.GANDY@sakilacustomer.org
 FRANCES.PARKER@sakilacustomer.org
 FRANCIS.SIKES@sakilacustomer.org
 FRANCISCO.SKIDMORE@sakilacustomer.org
 FRANK.WAGGONER@sakilacustomer.org
 FRANKLIN.TROUTMAN@sakilacustomer.org
 FRED.WHEAT@sakilacustomer.org
 FREDDIE.DUGGAN@sakilacustomer.org
 FREDERICK.ISBELL@sakilacustomer.org
 GABRIEL.HARDER@sakilacustomer.org
 GAIL.KNIGHT@sakilacustomer.org
 GARY.COY@sakilacustomer.org
 GENE.SANBORN@sakilacustomer.org
 GEORGE.LINTON@sakilacustomer.org
 GEORGIA.JACOBS@sakilacustomer.org
 GERALD.FULTZ@sakilacustomer.org
 GERALDINE.PERKINS@sakilacustomer.org
 GERTRUDE.CASTILLO@sakilacustomer.org
 GILBERT.SLEDGE@sakilacustomer.org
 GINA.WILLIAMSON@sakilacustomer.org
 GLADYS.HAMILTON@sakilacustomer.org
 GLEN.TALBERT@sakilacustomer.org
 GLENDA.FRAZIER@sakilacustomer.org
 GLENN.PULLEN@sakilacustomer.org
 GLORIA.COOK@sakilacustomer.org
 GORDON.ALLARD@sakilacustomer.org
 GRACE.ELLIS@sakilacustomer.org
 GREG.ROBINS@sakilacustomer.org
 GREGORY.MAULDIN@sakilacustomer.org
 GUY.BROWNLEE@sakilacustomer.org
 GWENDOLYN.MAY@sakilacustomer.org
 HAROLD.MARTINO@sakilacustomer.org
 HARVEY.GUAJARDO@sakilacustomer.org
 HAZEL.WARREN@sakilacustomer.org
 HEATHER.MORRIS@sakilacustomer.org
 HECTOR.POINDEXTER@sakilacustomer.org
 HELEN.HARRIS@sakilacustomer.org
 HENRY.BILLINGSLEY@sakilacustomer.org
 HERBERT.KRUGER@sakilacustomer.org
 HERMAN.DEVORE@sakilacustomer.org
 HILDA.HOPKINS@sakilacustomer.org
 HOLLY.FOX@sakilacustomer.org
 HOWARD.FORTNER@sakilacustomer.org
 HUGH.WALDROP@sakilacustomer.org
 IAN.STILL@sakilacustomer.org
 IDA.ANDREWS@sakilacustomer.org
 IRENE.PRICE@sakilacustomer.org
 IRMA.PEARSON@sakilacustomer.org
 ISAAC.OGLESBY@sakilacustomer.org
 IVAN.CROMWELL@sakilacustomer.org
 JACK.FOUST@sakilacustomer.org
 JACKIE.LYNCH@sakilacustomer.org
 JACOB.LANCE@sakilacustomer.org
 JACQUELINE.LONG@sakilacustomer.org
 JAIME.NETTLES@sakilacustomer.org
 JAMES.GANNON@sakilacustomer.org
 JAMIE.RICE@sakilacustomer.org
 JAMIE.WAUGH@sakilacustomer.org
 JANE.BENNETT@sakilacustomer.org
 JANET.PHILLIPS@sakilacustomer.org
 JANICE.WARD@sakilacustomer.org
 JARED.ELY@sakilacustomer.org
 JASON.MORRISSEY@sakilacustomer.org
 JAVIER.ELROD@sakilacustomer.org
 JAY.ROBB@sakilacustomer.org
 JEAN.BELL@sakilacustomer.org
 JEANETTE.GREENE@sakilacustomer.org
 JEANNE.LAWSON@sakilacustomer.org
 JEFF.EAST@sakilacustomer.org
 JEFFERY.PINSON@sakilacustomer.org
 JEFFREY.SPEAR@sakilacustomer.org
 JENNIE.TERRY@sakilacustomer.org
 JENNIFER.DAVIS@sakilacustomer.org
 JENNY.CASTRO@sakilacustomer.org
 JEREMY.HURTADO@sakilacustomer.org
 JEROME.KENYON@sakilacustomer.org
 JERRY.JORDON@sakilacustomer.org
 JESSE.SCHILLING@sakilacustomer.org
 JESSICA.HALL@sakilacustomer.org
 JESSIE.BANKS@sakilacustomer.org
 JESSIE.MILAM@sakilacustomer.org
 JESUS.MCCARTNEY@sakilacustomer.org
 JILL.HAWKINS@sakilacustomer.org
 JIM.REA@sakilacustomer.org
 JIMMY.SCHRADER@sakilacustomer.org
 JO.FOWLER@sakilacustomer.org
 JOAN.COOPER@sakilacustomer.org
 JOANN.GARDNER@sakilacustomer.org
 JOANNE.ROBERTSON@sakilacustomer.org
 JOE.GILLILAND@sakilacustomer.org
 JOEL.FRANCISCO@sakilacustomer.org
 JOHN.FARNSWORTH@sakilacustomer.org
 JOHNNIE.CHISHOLM@sakilacustomer.org
 JOHNNY.TURPIN@sakilacustomer.org
 JON.WILES@sakilacustomer.org
 JONATHAN.SCARBOROUGH@sakilacustomer.org
 JORDAN.ARCHULETA@sakilacustomer.org
 JORGE.OLIVARES@sakilacustomer.org
 JOSE.ANDREW@sakilacustomer.org
 JOSEPH.JOY@sakilacustomer.org
 JOSEPHINE.GOMEZ@sakilacustomer.org
 JOSHUA.MARK@sakilacustomer.org
 JOY.GEORGE@sakilacustomer.org
 JOYCE.EDWARDS@sakilacustomer.org
 JUAN.FRALEY@sakilacustomer.org
 JUANITA.MASON@sakilacustomer.org
 JUDY.GRAY@sakilacustomer.org
 JULIA.FLORES@sakilacustomer.org
 JULIAN.VEST@sakilacustomer.org
 JULIE.SANCHEZ@sakilacustomer.org
 JULIO.NOLAND@sakilacustomer.org
 JUNE.CARROLL@sakilacustomer.org
 JUSTIN.NGO@sakilacustomer.org
 KAREN.JACKSON@sakilacustomer.org
 KARL.SEAL@sakilacustomer.org
 KATHERINE.RIVERA@sakilacustomer.org
 KATHLEEN.ADAMS@sakilacustomer.org
 KATHRYN.COLEMAN@sakilacustomer.org
 KATHY.JAMES@sakilacustomer.org
 KATIE.ELLIOTT@sakilacustomer.org
 KAY.CALDWELL@sakilacustomer.org
 KEITH.RICO@sakilacustomer.org
 KELLY.KNOTT@sakilacustomer.org
 KELLY.TORRES@sakilacustomer.org
 KEN.PREWITT@sakilacustomer.org
 KENT.ARSENAULT@sakilacustomer.org
 KEVIN.SCHULER@sakilacustomer.org
 KIM.CRUZ@sakilacustomer.org
 KIMBERLY.LEE@sakilacustomer.org
 KIRK.STCLAIR@sakilacustomer.org
 KRISTEN.CHAVEZ@sakilacustomer.org
 KRISTIN.JOHNSTON@sakilacustomer.org
 KRISTINA.CHAMBERS@sakilacustomer.org
 KURT.EMMONS@sakilacustomer.org
 KYLE.SPURLOCK@sakilacustomer.org
 LANCE.PEMBERTON@sakilacustomer.org
 LARRY.THRASHER@sakilacustomer.org
 LAURA.RODRIGUEZ@sakilacustomer.org
 LAUREN.HUDSON@sakilacustomer.org
 LAURIE.LAWRENCE@sakilacustomer.org
 LAWRENCE.LAWTON@sakilacustomer.org
 LEAH.CURTIS@sakilacustomer.org
 LEE.HAWKS@sakilacustomer.org
 LENA.JENSEN@sakilacustomer.org
 LEO.EBERT@sakilacustomer.org
 LEON.BOSTIC@sakilacustomer.org
 LEONA.OBRIEN@sakilacustomer.org
 LEONARD.SCHOFIELD@sakilacustomer.org
 LEROY.BUSTAMANTE@sakilacustomer.org
 LESLIE.GORDON@sakilacustomer.org
 LESLIE.SEWARD@sakilacustomer.org
 LESTER.KRAUS@sakilacustomer.org
 LEWIS.LYMAN@sakilacustomer.org
 LILLIAN.GRIFFIN@sakilacustomer.org
 LILLIE.KIM@sakilacustomer.org
 LINDA.WILLIAMS@sakilacustomer.org
 LISA.ANDERSON@sakilacustomer.org
 LLOYD.DOWD@sakilacustomer.org
 LOIS.BUTLER@sakilacustomer.org
 LONNIE.TIRADO@sakilacustomer.org
 LORETTA.CARPENTER@sakilacustomer.org
 LORI.WOOD@sakilacustomer.org
 LORRAINE.STEPHENS@sakilacustomer.org
 LOUIS.LEONE@sakilacustomer.org
 LOUISE.JENKINS@sakilacustomer.org
 LUCILLE.HOLMES@sakilacustomer.org
 LUCY.WHEELER@sakilacustomer.org
 LUIS.YANEZ@sakilacustomer.org
 LYDIA.BURKE@sakilacustomer.org
 LYNN.PAYNE@sakilacustomer.org
 MABEL.HOLLAND@sakilacustomer.org
 MAE.FLETCHER@sakilacustomer.org
 MANUEL.MURRELL@sakilacustomer.org
 MARC.OUTLAW@sakilacustomer.org
 MARCIA.DEAN@sakilacustomer.org
 MARCUS.HIDALGO@sakilacustomer.org
 MARGARET.MOORE@sakilacustomer.org
 MARGIE.WADE@sakilacustomer.org
 MARIA.MILLER@sakilacustomer.org
 MARIAN.MENDOZA@sakilacustomer.org
 MARIE.TURNER@sakilacustomer.org
 MARILYN.ROSS@sakilacustomer.org
 MARIO.CHEATHAM@sakilacustomer.org
 MARION.OCAMPO@sakilacustomer.org
 MARION.SNYDER@sakilacustomer.org
 MARJORIE.TUCKER@sakilacustomer.org
 MARK.RINEHART@sakilacustomer.org
 MARLENE.WELCH@sakilacustomer.org
 MARSHA.DOUGLAS@sakilacustomer.org
 MARSHALL.THORN@sakilacustomer.org
 MARTHA.GONZALEZ@sakilacustomer.org
 MARTIN.BALES@sakilacustomer.org
 MARVIN.YEE@sakilacustomer.org
 MARY.SMITH@sakilacustomer.org
 MATHEW.BOLIN@sakilacustomer.org
 MATTHEW.MAHAN@sakilacustomer.org
 MATTIE.HOFFMAN@sakilacustomer.org
 MAUREEN.LITTLE@sakilacustomer.org
 MAX.PITT@sakilacustomer.org
 MAXINE.SILVA@sakilacustomer.org
 MEGAN.PALMER@sakilacustomer.org
 MELANIE.ARMSTRONG@sakilacustomer.org
 MELINDA.FERNANDEZ@sakilacustomer.org
 MELISSA.KING@sakilacustomer.org
 MELVIN.ELLINGTON@sakilacustomer.org
 MICHAEL.SILVERMAN@sakilacustomer.org
 MICHEAL.FORMAN@sakilacustomer.org
 MICHELE.GRANT@sakilacustomer.org
 MICHELLE.CLARK@sakilacustomer.org
 MIGUEL.BETANCOURT@sakilacustomer.org
 MIKE.WAY@sakilacustomer.org
 MILDRED.BAILEY@sakilacustomer.org
 MILTON.HOWLAND@sakilacustomer.org
 MINNIE.ROMERO@sakilacustomer.org
 MIRIAM.MCKINNEY@sakilacustomer.org
 MISTY.LAMBERT@sakilacustomer.org
 MITCHELL.WESTMORELAND@sakilacustomer.org
 MONICA.HICKS@sakilacustomer.org
 MORRIS.MCCARTER@sakilacustomer.org
 MYRTLE.FLEMING@sakilacustomer.org
 NANCY.THOMAS@sakilacustomer.org
 NAOMI.JENNINGS@sakilacustomer.org
 NATALIE.MEYER@sakilacustomer.org
 NATHANIEL.ADAM@sakilacustomer.org
 NEIL.RENNER@sakilacustomer.org
 NELLIE.GARRETT@sakilacustomer.org
 NELSON.CHRISTENSON@sakilacustomer.org
 NICHOLAS.BARFIELD@sakilacustomer.org
 NICOLE.PETERSON@sakilacustomer.org
 NINA.SOTO@sakilacustomer.org
 NORA.HERRERA@sakilacustomer.org
 NORMA.GONZALES@sakilacustomer.org
 NORMAN.CURRIER@sakilacustomer.org
 OLGA.JIMENEZ@sakilacustomer.org
 OSCAR.AQUINO@sakilacustomer.org
 PAMELA.BAKER@sakilacustomer.org
 PATRICIA.JOHNSON@sakilacustomer.org
 PATRICK.NEWSOM@sakilacustomer.org
 PATSY.DAVIDSON@sakilacustomer.org
 PAUL.TROUT@sakilacustomer.org
 PAULA.BRYANT@sakilacustomer.org
 PAULINE.HENRY@sakilacustomer.org
 PEARL.GARZA@sakilacustomer.org
 PEDRO.CHESTNUT@sakilacustomer.org
 PEGGY.MYERS@sakilacustomer.org
 PERRY.SWAFFORD@sakilacustomer.org
 PETER.MENARD@sakilacustomer.org
 PHILIP.CAUSEY@sakilacustomer.org
 PHILLIP.HOLM@sakilacustomer.org
 PHYLLIS.FOSTER@sakilacustomer.org
 PRISCILLA.LOWE@sakilacustomer.org
 RACHEL.BARNES@sakilacustomer.org
 RAFAEL.ABNEY@sakilacustomer.org
 RALPH.MADRIGAL@sakilacustomer.org
 RAMON.CHOATE@sakilacustomer.org
 RAMONA.HALE@sakilacustomer.org
 RANDALL.NEUMANN@sakilacustomer.org
 RANDY.GAITHER@sakilacustomer.org
 RAUL.FORTIER@sakilacustomer.org
 RAY.HOULE@sakilacustomer.org
 RAYMOND.MCWHORTER@sakilacustomer.org
 REBECCA.SCOTT@sakilacustomer.org
 REGINA.BERRY@sakilacustomer.org
 REGINALD.KINDER@sakilacustomer.org
 RENE.MCALISTER@sakilacustomer.org
 RENEE.LANE@sakilacustomer.org
 RHONDA.KENNEDY@sakilacustomer.org
 RICARDO.MEADOR@sakilacustomer.org
 RICHARD.MCCRARY@sakilacustomer.org
 RICK.MATTOX@sakilacustomer.org
 RICKY.SHELBY@sakilacustomer.org
 RITA.GRAHAM@sakilacustomer.org
 ROBERT.BAUGHMAN@sakilacustomer.org
 ROBERTA.HARPER@sakilacustomer.org
 ROBERTO.VU@sakilacustomer.org
 ROBIN.HAYES@sakilacustomer.org
 RODNEY.MOELLER@sakilacustomer.org
 ROGER.QUINTANILLA@sakilacustomer.org
 ROLAND.SOUTH@sakilacustomer.org
 RON.DELUCA@sakilacustomer.org
 RONALD.WEINER@sakilacustomer.org
 RONNIE.RICKETTS@sakilacustomer.org
 ROSA.REYNOLDS@sakilacustomer.org
 ROSE.HOWARD@sakilacustomer.org
 ROSEMARY.SCHMIDT@sakilacustomer.org
 ROSS.GREY@sakilacustomer.org
 ROY.WHITING@sakilacustomer.org
 RUBEN.GEARY@sakilacustomer.org
 RUBY.WASHINGTON@sakilacustomer.org
 RUSSELL.BRINSON@sakilacustomer.org
 RUTH.MARTINEZ@sakilacustomer.org
 RYAN.SALISBURY@sakilacustomer.org
 SALLY.PIERCE@sakilacustomer.org
 SALVADOR.TEEL@sakilacustomer.org
 SAM.MCDUFFIE@sakilacustomer.org
 SAMANTHA.DUNCAN@sakilacustomer.org
 SAMUEL.MARLOW@sakilacustomer.org
 SARA.PERRY@sakilacustomer.org
 SARAH.LEWIS@sakilacustomer.org
 SCOTT.SHELLEY@sakilacustomer.org
 SEAN.DOUGLASS@sakilacustomer.org
 SERGIO.STANFIELD@sakilacustomer.org
 SETH.HANNON@sakilacustomer.org
 SHANE.MILLARD@sakilacustomer.org
 SHANNON.FREEMAN@sakilacustomer.org
 SHARON.ROBINSON@sakilacustomer.org
 SHAWN.HEATON@sakilacustomer.org
 SHELLY.WATTS@sakilacustomer.org
 SHERRI.RHODES@sakilacustomer.org
 SHERRY.MARSHALL@sakilacustomer.org
 SHIRLEY.ALLEN@sakilacustomer.org
 SIDNEY.BURLESON@sakilacustomer.org
 SONIA.GREGORY@sakilacustomer.org
 STACEY.MONTGOMERY@sakilacustomer.org
 STACY.CUNNINGHAM@sakilacustomer.org
 STANLEY.SCROGGINS@sakilacustomer.org
 STELLA.MORENO@sakilacustomer.org
 STEPHANIE.MITCHELL@sakilacustomer.org
 STEPHEN.QUALLS@sakilacustomer.org
 STEVE.MACKENZIE@sakilacustomer.org
 STEVEN.CURLEY@sakilacustomer.org
 SUE.PETERS@sakilacustomer.org
 SUSAN.WILSON@sakilacustomer.org
 SUZANNE.NICHOLS@sakilacustomer.org
 SYLVIA.ORTIZ@sakilacustomer.org
 TAMARA.NGUYEN@sakilacustomer.org
 TAMMY.SANDERS@sakilacustomer.org
 TANYA.GILBERT@sakilacustomer.org
 TARA.RYAN@sakilacustomer.org
 TED.BREAUX@sakilacustomer.org
 TERESA.ROGERS@sakilacustomer.org
 TERRENCE.GUNDERSON@sakilacustomer.org
 TERRI.VASQUEZ@sakilacustomer.org
 TERRY.CARLSON@sakilacustomer.org
 TERRY.GRISSOM@sakilacustomer.org
 THELMA.MURRAY@sakilacustomer.org
 THERESA.WATSON@sakilacustomer.org
 THOMAS.GRIGSBY@sakilacustomer.org
 TIFFANY.JORDAN@sakilacustomer.org
 TIM.CARY@sakilacustomer.org
 TIMOTHY.BUNN@sakilacustomer.org
 TINA.SIMMONS@sakilacustomer.org
 TODD.TAN@sakilacustomer.org
 TOM.MILNER@sakilacustomer.org
 TOMMY.COLLAZO@sakilacustomer.org
 TONI.HOLT@sakilacustomer.org
 TONY.CARRANZA@sakilacustomer.org
 TONYA.CHAPMAN@sakilacustomer.org
 TRACEY.BARRETT@sakilacustomer.org
 TRACY.COLE@sakilacustomer.org
 TRACY.HERRMANN@sakilacustomer.org
 TRAVIS.ESTEP@sakilacustomer.org
 TROY.QUIGLEY@sakilacustomer.org
 TYLER.WREN@sakilacustomer.org
 TYRONE.ASHER@sakilacustomer.org
 VALERIE.BLACK@sakilacustomer.org
 VANESSA.SIMS@sakilacustomer.org
 VELMA.LUCAS@sakilacustomer.org
 VERA.MCCOY@sakilacustomer.org
 VERNON.CHAPA@sakilacustomer.org
 VERONICA.STONE@sakilacustomer.org
 VICKI.FIELDS@sakilacustomer.org
 VICKIE.BREWER@sakilacustomer.org
 VICTOR.BARKLEY@sakilacustomer.org
 VICTORIA.GIBSON@sakilacustomer.org
 VINCENT.RALSTON@sakilacustomer.org
 VIOLA.HANSON@sakilacustomer.org
 VIOLET.RODRIQUEZ@sakilacustomer.org
 VIRGIL.WOFFORD@sakilacustomer.org
 VIRGINIA.GREEN@sakilacustomer.org
 VIVIAN.RUIZ@sakilacustomer.org
 WADE.DELVALLE@sakilacustomer.org
 WALLACE.SLONE@sakilacustomer.org
 WALTER.PERRYMAN@sakilacustomer.org
 WANDA.PATTERSON@sakilacustomer.org
 WARREN.SHERROD@sakilacustomer.org
 WAYNE.TRUONG@sakilacustomer.org
 WENDY.HARRISON@sakilacustomer.org
 WESLEY.BULL@sakilacustomer.org
 WILLARD.LUMPKIN@sakilacustomer.org
 WILLIAM.SATTERFIELD@sakilacustomer.org
 WILLIE.HOWELL@sakilacustomer.org
 WILLIE.MARKHAM@sakilacustomer.org
 WILMA.RICHARDS@sakilacustomer.org
 YOLANDA.WEAVER@sakilacustomer.org
 YVONNE.WATKINS@sakilacustomer.org
 ZACHARY.HITE@sakilacustomer.org
(584 rows)
`
