`
Query:

SELECT a.district, count(1)
FROM address a
GROUP BY a.district
ORDER BY a.count DESC
LIMIT 10;

Plan:

                      query plan
------------------------------------------------------
 limit 10
    order by a.count desc
        group by a.district, select(district, count)
            alias as a
                table scan of address
(1 rows)

Results:

     district     | count
------------------+-------
 Buenos Aires     | 10
 West Bengali     | 9
 California       | 9
 Shandong         | 9
 Uttar Pradesh    | 8
 So Paulo         | 8
 England          | 7
 Maharashtra      | 7
 Southern Tagalog | 6
 Punjab           | 5
(10 rows)
`
