`
Query:

SELECT *
FROM employees
ORDER BY employee_id

Plan:

select (employee_id, first_name, last_name, email, manager_id, department_id, bonus)
    order by employee_id
        table scan of employees

Results:

 employee_id | first_name | last_name |              email             | manager_id | department_id | bonus
-------------+------------+-----------+--------------------------------+------------+---------------+-------
           1 |   Annalisa |      Head |      annalisa.head@company.com |          1 |             1 | 20000
           2 |    Clayton |  Mahaffey |   clayton.mahaffey@company.com |          4 |             2 | <nil>
           3 |     Manuel |  Pattison |    manuel.pattison@company.com |          1 |             3 | 10000
           4 |      Maria |    Warren |       maria.warren@company.com |          1 |             1 | <nil>
           5 |     Robert |    Medina |      robert.medina@company.com |          1 |             1 | <nil>
           6 |    Timothy |   Cornish |    timothy.cornish@company.com |          4 |             2 |  5000
           7 |      Linda |    Dollar |       linda.dollar@company.com |          1 |             1 | <nil>
           8 |  Frederick |  McLendon | frederick.mclendon@company.com |          4 |             2 | <nil>
           9 |      Jimmy |  Barnette |     jimmy.barnette@company.com |          1 |             3 |  3000
          10 |       Emma |    Howard |        emma.howard@company.com |          9 |             3 | 21500
          11 |    Deborah |   Glasser |    deborah.glasser@company.com |          9 |             1 | <nil>
(11 rows)
`
