`
Query:

SELECT *
FROM employees
WHERE department_id = 3

Plan:

                                      query plan
--------------------------------------------------------------------------------------
 select (employee_id, first_name, last_name, email, manager_id, department_id, bonus)
    table scan of employees
        filter: department_id = 3

(1 rows)

Results:

 employee_id | first_name | last_name |            email            | manager_id | department_id | bonus
-------------+------------+-----------+-----------------------------+------------+---------------+-------
           3 |     Manuel |  Pattison | manuel.pattison@company.com |          1 |             3 | 10000
           9 |      Jimmy |  Barnette |  jimmy.barnette@company.com |          1 |             3 |  3000
          10 |       Emma |    Howard |     emma.howard@company.com |          9 |             3 | 21500
(3 rows)
`
