`
Query:

SELECT *
FROM employees
ORDER BY email
LIMIT 2 OFFSET 3

Plan:

                                      query plan
--------------------------------------------------------------------------------------
 select (employee_id, first_name, last_name, email, manager_id, department_id, bonus)
    limit 2
        offset 3
            order by email
                table scan of employees

(1 rows)

Results:

 employee_id | first_name | last_name |              email             | manager_id | department_id | bonus
-------------+------------+-----------+--------------------------------+------------+---------------+-------
          10 |       Emma |    Howard |        emma.howard@company.com |          9 |             3 | 21500
           8 |  Frederick |  McLendon | frederick.mclendon@company.com |          4 |             2 | <nil>
(2 rows)
`
