`
Query:

SELECT
    f.film_id,
    f.title,
    c.name AS category_name
FROM film f
JOIN film_category fc ON f.film_id = fc.film_id
JOIN category c ON fc.category_id = c.category_id
ORDER BY f.film_id
LIMIT 5;

Plan:

                                                                                     query plan
-------------------------------------------------------------------------------------------------------------------------------------------------------------------------------------
 select (f.film_id, f.title, c.name as category_name)
    limit 5
        join using nested loop
            join using nested loop
                select f(film_id, title, description, release_year, language_id, original_language_id, rental_duration, rental_rate, length, replacement_cost, rating, last_update)
                    btree index scan of film via film_pkey
            with
                select fc(film_id, category_id, last_update)
                    btree index scan of film_category via film_category_pkey
                        index cond: film_category.film_id = f.film_id
        with
            select c(category_id, name, last_update)
                btree index scan of category via category_pkey
                    index cond: category.category_id = fc.category_id
(1 rows)

Results:

 film_id |      title       | category_name
---------+------------------+---------------
       1 | ACADEMY DINOSAUR | Documentary
       2 | ACE GOLDFINGER   | Horror
       3 | ADAPTATION HOLES | Documentary
       4 | AFFAIR PREJUDICE | Horror
       5 | AFRICAN EGG      | Family
(5 rows)
`
