`
Query:

SELECT length(f.title) AS len, count(1)
FROM film f
GROUP BY len
ORDER BY len;

Plan:

                                   query plan
---------------------------------------------------------------------------------
 order by len
    group by length(f.title), select(length(f.title) as len, count(1) as count)
        alias as f
            table scan of film
(1 rows)

Results:

 len | count
-----+-------
   8 |     6
   9 |    32
  10 |    66
  11 |    89
  12 |   116
  13 |   129
  14 |   122
  15 |   122
  16 |   104
  17 |    70
  18 |    47
  19 |    44
  20 |    23
  21 |    15
  22 |     9
  23 |     4
  25 |     1
  27 |     1
(18 rows)
`
