`
Query:

SELECT
    f.title AS film_title,
    f.rental_rate + f.replacement_cost AS total_cost
FROM film f
ORDER BY total_cost DESC, f.title;

Plan:

                                                                                       query plan
----------------------------------------------------------------------------------------------------------------------------------------------------------------------------------------
 project {title as film_title, f.rental_rate + f.replacement_cost as total_cost}
    order by f.rental_rate + f.replacement_cost desc, f.title
        project {film_id, title, description, release_year, language_id, original_language_id, rental_duration, rental_rate, length, replacement_cost, rating, last_update} as f.{...}
            table scan of film
(1 rows)

Results:

         film_title          | total_cost
-----------------------------+------------
 BLINDNESS GUN               |      34.98
 DESPERATE TRAINSPOTTING     |      34.98
 JINGLE SAGEBRUSH            |      34.98
 LAWLESS VISION              |      34.98
 POSEIDON FOREVER            |      34.98
 RIGHT CRANES                |      34.98
 SLACKER LIAISONS            |      34.98
 VIRGIN DAISY                |      34.98
 WEST LION                   |      34.98
 WYOMING STORM               |      34.98
 AIRPLANE SIERRA             |      33.98
 BEAUTY GREASE               |      33.98
 COMMAND DARLING             |      33.98
 DYING MAKER                 |      33.98
 ELEMENT FREDDY              |      33.98
 FLAMINGOS CONNECTICUT       |      33.98
 FUGITIVE MAGUIRE            |      33.98
 HEAD STRANGER               |      33.98
 HOTEL HAPPINESS             |      33.98
 HUNCHBACK IMPOSSIBLE        |      33.98
 LIES TREATMENT              |      33.98
 LOSER HUSTLER               |      33.98
 SATURDAY LAMBS              |      33.98
 THIEF PELICAN               |      33.98
 TIES HUNGER                 |      33.98
 BRANNIGAN SUNRISE           |      32.98
 BUCKET BROTHERHOOD          |      32.98
 CHARIOTS CONSPIRACY         |      32.98
 CLUE GRAIL                  |      32.98
 COLDBLOODED DARLING         |      32.98
 CUPBOARD SINNERS            |      32.98
 DAWN POND                   |      32.98
 DESERT POSEIDON             |      32.98
 DIRTY ACE                   |      32.98
 DOCTOR GRAIL                |      32.98
 EARLY HOME                  |      32.98
 EXTRAORDINARY CONQUERER     |      32.98
 FANTASIA PARK               |      32.98
 FLATLINERS KILLER           |      32.98
 FLOATS GARDEN               |      32.98
 HOLES BRANNIGAN             |      32.98
 IDOLS SNATCHERS             |      32.98
 IRON MOON                   |      32.98
 JEEPERS WEDDING             |      32.98
 JERICHO MULAN               |      32.98
 LOVER TRUMAN                |      32.98
 MIDSUMMER GROUNDHOG         |      32.98
 MOVIE SHAKESPEARE           |      32.98
 OSCAR GOLD                  |      32.98
 PAYCHECK WAIT               |      32.98
 PERDITION FARGO             |      32.98
 PRINCESS GIANT              |      32.98
 QUEST MUSSOLINI             |      32.98
 RANDOM GO                   |      32.98
 REIGN GENTLEMEN             |      32.98
 RESERVOIR ADAPTATION        |      32.98
 SALUTE APOLLO               |      32.98
 SMILE EARRING               |      32.98
 SOLDIERS EVOLUTION          |      32.98
 TORQUE BOUND                |      32.98
 UNCUT SUICIDES              |      32.98
 VILLAIN DESPERATE           |      32.98
 WIFE TURN                   |      32.98
 ARIZONA BANG                |      31.98
 BETRAYED REAR               |      31.98
 BIKINI BORROWERS            |      31.98
 CINCINATTI WHISPERER        |      31.98
 DADDY PITTSBURGH            |      31.98
 DANGEROUS UPTOWN            |      31.98
 DORADO NOTTING              |      31.98
 EXPECATIONS NATURAL         |      31.98
 FARGO GANDHI                |      31.98
 FOREVER CANDIDATE           |      31.98
 GRACELAND DYNAMITE          |      31.98
 GROUNDHOG UNCUT             |      31.98
 ICE CROSSING                |      31.98
 INNOCENT USUAL              |      31.98
 LICENSE WEEKEND             |      31.98
 LUST LOCK                   |      31.98
 MALTESE HOPE                |      31.98
 MISSION ZOOLANDER           |      31.98
 MONSTER SPARTACUS           |      31.98
 PRIVATE DROP                |      31.98
 RIDER CADDYSHACK            |      31.98
 SAGEBRUSH CLUELESS          |      31.98
 SATISFACTION CONFIDENTIAL   |      31.98
 SEABISCUIT PUNK             |      31.98
 TRAIN BUNCH                 |      31.98
 WAR NOTTING                 |      31.98
 ZOOLANDER FICTION           |      31.98
 ANYTHING SAVANNAH           |      30.98
 ARABIA DOGMA                |      30.98
 BALLROOM MOCKINGBIRD        |      30.98
 BARBARELLA STREETCAR        |      30.98
 BILKO ANONYMOUS             |      30.98
 BONNIE HOLOCAUST            |      30.98
 CAMPUS REMEMBER             |      30.98
 CHISUM BEHAVIOR             |      30.98
 CLOCKWORK PARADISE          |      30.98
 CLYDE THEORY                |      30.98
 CONFESSIONS MAGUIRE         |      30.98
 CONFUSED CANDLES            |      30.98
 CONSPIRACY SPIRIT           |      30.98
 CRUELTY UNFORGIVEN          |      30.98
 CRUSADE HONEY               |      30.98
 DINOSAUR SECRETARY          |      30.98
 DISTURBING SCARFACE         |      30.98
 EARTH VISION                |      30.98
 EVE RESURRECTION            |      30.98
 EVERYONE CRAFT              |      30.98
 FEUD FROGMEN                |      30.98
 GANGS PRIDE                 |      30.98
 GILMORE BOILED              |      30.98
 GOLDFINGER SENSIBILITY      |      30.98
 GRAFFITI LOVE               |      30.98
 GRINCH MASSAGE              |      30.98
 HEAVYWEIGHTS BEAST          |      30.98
 HILLS NEIGHBORS             |      30.98
 HOLLOW JEOPARDY             |      30.98
 HOLLYWOOD ANONYMOUS         |      30.98
 HONEY TIES                  |      30.98
 JAPANESE RUN                |      30.98
 LEAGUE HELLFIGHTERS         |      30.98
 LIBERTY MAGNIFICENT         |      30.98
 LOATHING LEGALLY            |      30.98
 LORD ARIZONA                |      30.98
 MADRE GABLES                |      30.98
 MAGNIFICENT CHITTY          |      30.98
 MANCHURIAN CURTAIN          |      30.98
 MOONSHINE CABIN             |      30.98
 NIGHTMARE CHILL             |      30.98
 PATIENT SISTER              |      30.98
 PEAK FOREVER                |      30.98
 RANGE MOONWALKER            |      30.98
 REQUIEM TYCOON              |      30.98
 RIVER OUTLAW                |      30.98
 SASSY PACKER                |      30.98
 SONG HEDWIG                 |      30.98
 STAGECOACH ARMAGEDDON       |      30.98
 SWEET BROTHERHOOD           |      30.98
 TEEN APOLLO                 |      30.98
 TRACY CIDER                 |      30.98
 AFFAIR PREJUDICE            |      29.98
 ALADDIN CALENDAR            |      29.98
 BACKLASH UNDEFEATED         |      29.98
 CHAPLIN LICENSE             |      29.98
 CHINATOWN GLADIATOR         |      29.98
 DOUBLE WRATH                |      29.98
 ELEPHANT TROJAN             |      29.98
 FOOL MOCKINGBIRD            |      29.98
 FURY MURDER                 |      29.98
 GORGEOUS BINGO              |      29.98
 HANDICAP BOONDOCK           |      29.98
 HANKY OCTOBER               |      29.98
 ISHTAR ROCKETEER            |      29.98
 ITALIAN AFRICAN             |      29.98
 KING EVOLUTION              |      29.98
 LESSON CLEOPATRA            |      29.98
 LOLA AGENT                  |      29.98
 MAGNOLIA FORRESTER          |      29.98
 MASK PEACH                  |      29.98
 MEET CHOCOLATE              |      29.98
 METAL ARMAGEDDON            |      29.98
 MIXED DOORS                 |      29.98
 REAP UNFAITHFUL             |      29.98
 RIDGEMONT SUBMARINE         |      29.98
 ROBBERS JOON                |      29.98
 ROCK INSTINCT               |      29.98
 ROMAN PUNK                  |      29.98
 SECRETS PARADISE            |      29.98
 SHAKESPEARE SADDLE          |      29.98
 SHOW LORD                   |      29.98
 SIDE ARK                    |      29.98
 STORM HAPPINESS             |      29.98
 STREAK RIDGEMONT            |      29.98
 SUNSET RACER                |      29.98
 TREASURE COMMAND            |      29.98
 VOYAGE LEGALLY              |      29.98
 WATERSHIP FRONTIER          |      29.98
 WEEKEND PERSONAL            |      29.98
 WHISPERER GIANT             |      29.98
 WORKER TARZAN               |      29.98
 WORST BANGER                |      29.98
 ALTER VICTORY               |      28.98
 AMELIE HELLFIGHTERS         |      28.98
 BABY HALL                   |      28.98
 BANG KWAI                   |      28.98
 BENEATH RUSH                |      28.98
 CREEPERS KANE               |      28.98
 CROOKED FROGMEN             |      28.98
 CURTAIN VIDEOTAPE           |      28.98
 DYNAMITE TARZAN             |      28.98
 ENEMY ODDS                  |      28.98
 FANTASY TROOPERS            |      28.98
 FORWARD TEMPLE              |      28.98
 FRISCO FORREST              |      28.98
 GLEAMING JAWBREAKER         |      28.98
 GUN BONNIE                  |      28.98
 HALF OUTFIELD               |      28.98
 HOBBIT ALIEN                |      28.98
 IDAHO LOVE                  |      28.98
 INFORMER DOUBLE             |      28.98
 LOLITA WORLD                |      28.98
 MOCKINGBIRD HOLLYWOOD       |      28.98
 PACIFIC AMISTAD             |      28.98
 POND SEATTLE                |      28.98
 PURE RUNNER                 |      28.98
 REDS POCUS                  |      28.98
 ROCKETEER MOTHER            |      28.98
 ROOM ROMAN                  |      28.98
 ROSES TREASURE              |      28.98
 RUNNER MADIGAN              |      28.98
 SCORPION APOLLO             |      28.98
 SENSE GREEK                 |      28.98
 SLEEPY JAPANESE             |      28.98
 SNOWMAN ROLLERCOASTER       |      28.98
 STORY SIDE                  |      28.98
 STRANGELOVE DESIRE          |      28.98
 SUPERFLY TRIP               |      28.98
 TRAMP OTHERS                |      28.98
 TWISTED PIRATES             |      28.98
 UNITED PILOT                |      28.98
 VIETNAM SMOOCHY             |      28.98
 VOLCANO TEXAS               |      28.98
 WANDA CHAMBER               |      28.98
 WINDOW SIDE                 |      28.98
 ARACHNOPHOBIA ROLLERCOASTER |      27.98
 BEAST HUNCHBACK             |      27.98
 BEETHOVEN EXORCIST          |      27.98
 BERETS AGENT                |      27.98
 BROTHERHOOD BLANKET         |      27.98
 CALENDAR GUNFIGHT           |      27.98
 CAMELOT VACATION            |      27.98
 CANYON STOCK                |      27.98
 CASABLANCA SUPER            |      27.98
 CHITTY LOCK                 |      27.98
 CLEOPATRA DEVIL             |      27.98
 CORE SUIT                   |      27.98
 CRAZY HOME                  |      27.98
 DARKNESS WAR                |      27.98
 DESIRE ALIEN                |      27.98
 DOORS PRESIDENT             |      27.98
 DRACULA CRYSTAL             |      27.98
 DRAGON SQUAD                |      27.98
 EMPIRE MALKOVICH            |      27.98
 FATAL HAUNTED               |      27.98
 FLIGHT LIES                 |      27.98
 FORRESTER COMANCHEROS       |      27.98
 FRENCH HOLIDAY              |      27.98
 GOODFELLAS SALUTE           |      27.98
 GREATEST NORTH              |      27.98
 HATE HANDICAP               |      27.98
 HUNTING MUSKETEERS          |      27.98
 HUSTLER PARTY               |      27.98
 INDIAN LOVE                 |      27.98
 KRAMER CHOCOLATE            |      27.98
 LABYRINTH LEAGUE            |      27.98
 LANGUAGE COWBOY             |      27.98
 MINDS TRUMAN                |      27.98
 NORTHWEST POLISH            |      27.98
 PANTHER REDS                |      27.98
 QUEEN LUKE                  |      27.98
 REEF SALUTE                 |      27.98
 REUNION WITCHES             |      27.98
 SEA VIRGIN                  |      27.98
 SIMON NORTH                 |      27.98
 SPICE SORORITY              |      27.98
 SPOILERS HELLFIGHTERS       |      27.98
 STAMPEDE DISTURBING         |      27.98
 STRANGERS GRAFFITI          |      27.98
 STRICTLY SCARFACE           |      27.98
 TRADING PINOCCHIO           |      27.98
 TUXEDO MILE                 |      27.98
 UNDEFEATED DALMATIONS       |      27.98
 WASH HEAVENLY               |      27.98
 WONKA SEA                   |      27.98
 WORKING MICROCOSMOS         |      27.98
 ALI FOREVER                 |      26.98
 ALLEY EVOLUTION             |      26.98
 ARK RIDGEMONT               |      26.98
 ATTACKS HATE                |      26.98
 BED HIGHBALL                |      26.98
 BROOKLYN DESERT             |      26.98
 CABIN FLASH                 |      26.98
 CHAINSAW UPTOWN             |      26.98
 CHAMPION FLATLINERS         |      26.98
 CHASING FIGHT               |      26.98
 CONNECTION MICROCOSMOS      |      26.98
 DALMATIONS SWEDEN           |      26.98
 DANCING FEVER               |      26.98
 DRIVING POLISH              |      26.98
 EXPRESS LONELY              |      26.98
 FALCON VOLUME               |      26.98
 FIREBALL PHILADELPHIA       |      26.98
 FLASH WARS                  |      26.98
 FREDDY STORM                |      26.98
 GARDEN ISLAND               |      26.98
 GOLD RIVER                  |      26.98
 HANOVER GALAXY              |      26.98
 HAPPINESS UNITED            |      26.98
 HELLFIGHTERS SIERRA         |      26.98
 HIGH ENCINO                 |      26.98
 HORN WORKING                |      26.98
 HORROR REIGN                |      26.98
 ISLAND EXORCIST             |      26.98
 KWAI HOMEWARD               |      26.98
 MALLRATS UNITED             |      26.98
 MOB DUFFEL                  |      26.98
 MUSCLE BRIGHT               |      26.98
 NEMO CAMPUS                 |      26.98
 NETWORK PEAK                |      26.98
 NEWSIES STORY               |      26.98
 OPERATION OPERATION         |      26.98
 OPUS ICE                    |      26.98
 PIANIST OUTFIELD            |      26.98
 PICKUP DRIVING              |      26.98
 PINOCCHIO SIMON             |      26.98
 ROOF CHAMPION               |      26.98
 RUN PACIFIC                 |      26.98
 SANTA PARIS                 |      26.98
 SAVANNAH TOWN               |      26.98
 SCHOOL JACKET               |      26.98
 SLEUTH ORIENT               |      26.98
 SUBMARINE BED               |      26.98
 SUMMER SCARFACE             |      26.98
 USUAL UNTOUCHABLES          |      26.98
 VACATION BOONDOCK           |      26.98
 AFRICAN EGG                 |      25.98
 BADMAN DAWN                 |      25.98
 BEHAVIOR RUNAWAY            |      25.98
 BINGO TALENTED              |      25.98
 BRIDE INTRIGUE              |      25.98
 BUBBLE GROSSE               |      25.98
 CELEBRITY HORN              |      25.98
 CHANCE RESURRECTION         |      25.98
 CHICKEN HELLFIGHTERS        |      25.98
 CONNECTICUT TRAMP           |      25.98
 CRYSTAL BREAKING            |      25.98
 DARLING BREAKING            |      25.98
 DAZED PUNK                  |      25.98
 DEEP CRUSADE                |      25.98
 DESTINY SATURDAY            |      25.98
 DOZEN LION                  |      25.98
 DROP WATERFRONT             |      25.98
 FAMILY SWEET                |      25.98
 FEVER EMPIRE                |      25.98
 FIDDLER LOST                |      25.98
 FISH OPUS                   |      25.98
 GENTLEMEN STAGE             |      25.98
 GLADIATOR WESTWARD          |      25.98
 GLASS DYING                 |      25.98
 GUYS FALCON                 |      25.98
 HOPE TOOTSIE                |      25.98
 HUMAN GRAFFITI              |      25.98
 INTOLERABLE INTENTIONS      |      25.98
 JEKYLL FROGMEN              |      25.98
 MADIGAN DORADO              |      25.98
 MAGUIRE APACHE              |      25.98
 MALKOVICH PET               |      25.98
 MARRIED GO                  |      25.98
 MERMAID INSECTS             |      25.98
 MICROCOSMOS PARADISE        |      25.98
 MOD SECRETARY               |      25.98
 MONSOON CAUSE               |      25.98
 NATURAL STOCK               |      25.98
 ORIENT CLOSER               |      25.98
 PATTON INTERVIEW            |      25.98
 REBEL AIRPORT               |      25.98
 SEARCHERS WAIT              |      25.98
 SHANE DARKNESS              |      25.98
 SHAWSHANK BUBBLE            |      25.98
 SPEAKEASY DATE              |      25.98
 SUGAR WONKA                 |      25.98
 SUSPECTS QUILLS             |      25.98
 TELEGRAPH VOYAGE            |      25.98
 TENENBAUMS COMMAND          |      25.98
 VANILLA DAY                 |      25.98
 WILD APOLLO                 |      25.98
 WILLOW TRACY                |      25.98
 ALABAMA DEVIL               |      24.98
 ALICE FANTASIA              |      24.98
 BEVERLY OUTLAW              |      24.98
 BIRDCAGE CASPER             |      24.98
 BLANKET BEVERLY             |      24.98
 BOWFINGER GABLES            |      24.98
 BREAKING HOME               |      24.98
 CALIFORNIA BIRDS            |      24.98
 CHARADE DUFFEL              |      24.98
 CHEAPER CLYDE               |      24.98
 COMANCHEROS ENEMY           |      24.98
 CREATURES SHAKESPEARE       |      24.98
 CROSSING DIVORCE            |      24.98
 DIVORCE SHINING             |      24.98
 DRAGONFLY STRANGERS         |      24.98
 ELF MURDER                  |      24.98
 FREEDOM CLEOPATRA           |      24.98
 GROSSE WONDERFUL            |      24.98
 HAMLET WISDOM               |      24.98
 HOMICIDE PEACH              |      24.98
 HOOK CHARIOTS               |      24.98
 HUNTER ALTER                |      24.98
 HYSTERICAL GRAIL            |      24.98
 INSTINCT AIRPORT            |      24.98
 JADE BUNCH                  |      24.98
 JOON NORTHWEST              |      24.98
 KNOCK WARLOCK               |      24.98
 LAWRENCE LOVE               |      24.98
 LEATHERNECKS DWARFS         |      24.98
 LOST BIRD                   |      24.98
 LUCK OPUS                   |      24.98
 LUKE MUMMY                  |      24.98
 NASH CHOCOLAT               |      24.98
 PANKY SUBMARINE             |      24.98
 PITY BOUND                  |      24.98
 QUILLS BULL                 |      24.98
 REAR TRADING                |      24.98
 ROOTS REMEMBER              |      24.98
 RULES HUMAN                 |      24.98
 SAMURAI LION                |      24.98
 SIEGE MADRE                 |      24.98
 SILENCE KANE                |      24.98
 SISTER FREDDY               |      24.98
 SOUTH WAIT                  |      24.98
 SPARTACUS CHEAPER           |      24.98
 SPEED SUIT                  |      24.98
 SPIRIT FLINTSTONES          |      24.98
 STALLION SUNDANCE           |      24.98
 SUNRISE LEAGUE              |      24.98
 SWEDEN SHINING              |      24.98
 TAXI KICK                   |      24.98
 TOMATOES HELLFIGHTERS       |      24.98
 TOMORROW HUSTLER            |      24.98
 VANISHING ROCKY             |      24.98
 WALLS ARTIST                |      24.98
 WEREWOLF LOLA               |      24.98
 WOMEN DORADO                |      24.98
 WONDERLAND CHRISTMAS        |      24.98
 ALASKA PHANTOM              |      23.98
 ARMY FLINTSTONES            |      23.98
 BAKED CLEOPATRA             |      23.98
 BEAR GRACELAND              |      23.98
 BIRCH ANTITRUST             |      23.98
 BORROWERS BEDAZZLED         |      23.98
 BREAKFAST GOLDFINGER        |      23.98
 CAPER MOTIONS               |      23.98
 CROSSROADS CASUALTIES       |      23.98
 CROW GREASE                 |      23.98
 DANCES NONE                 |      23.98
 DECEIVER BETRAYED           |      23.98
 DIARY PANIC                 |      23.98
 DRIFTER COMMANDMENTS        |      23.98
 EARRING INSTINCT            |      23.98
 EGG IGBY                    |      23.98
 ESCAPE METROPOLIS           |      23.98
 FIRE WOLVES                 |      23.98
 GATHERING CALENDAR          |      23.98
 GHOST GROUNDHOG             |      23.98
 GONE TROUBLE                |      23.98
 HANGING DEEP                |      23.98
 HARRY IDAHO                 |      23.98
 HAUNTING PIANIST            |      23.98
 INCH JET                    |      23.98
 LAMBS CINCINATTI            |      23.98
 MONTEZUMA COMMAND           |      23.98
 MOSQUITO ARMAGEDDON         |      23.98
 MUPPET MILE                 |      23.98
 PEACH INNOCENT              |      23.98
 PUNK DIVORCE                |      23.98
 RAGE GAMES                  |      23.98
 RAGING AIRPLANE             |      23.98
 REDEMPTION COMFORTS         |      23.98
 SATURN NAME                 |      23.98
 SEATTLE EXPECATIONS         |      23.98
 SHANGHAI TYCOON             |      23.98
 SHOOTIST SUPERFLY           |      23.98
 TEXAS WATCH                 |      23.98
 TITANIC BOONDOCK            |      23.98
 TOURIST PELICAN             |      23.98
 VIRGINIAN PLUTO             |      23.98
 VOICE PEACH                 |      23.98
 WAKE JAWS                   |      23.98
 WONDERFUL DROP              |      23.98
 ZORRO ARK                   |      23.98
 AMERICAN CIRCUS             |      22.98
 ANALYZE HOOSIERS            |      22.98
 BEDAZZLED MARRIED           |      22.98
 BORN SPINAL                 |      22.98
 BULL SHAWSHANK              |      22.98
 CASSIDY WYOMING             |      22.98
 CHRISTMAS MOONSHINE         |      22.98
 COLOR PHILADELPHIA          |      22.98
 COMFORTS RUSH               |      22.98
 CONGENIALITY QUEST          |      22.98
 DETAILS PACKER              |      22.98
 DIVINE RESURRECTION         |      22.98
 GAMES BOWFINGER             |      22.98
 GOSFORD DONNIE              |      22.98
 GRIT CLOCKWORK              |      22.98
 HALLOWEEN NUTS              |      22.98
 HEAVEN FREEDOM              |      22.98
 HOCUS FRIDA                 |      22.98
 HUNGER ROOF                 |      22.98
 INDEPENDENCE HOTEL          |      22.98
 INTERVIEW LIAISONS          |      22.98
 KARATE MOON                 |      22.98
 LIGHTS DEER                 |      22.98
 LOVE SUICIDES               |      22.98
 MARS ROMAN                  |      22.98
 MIRACLE VIRTUAL             |      22.98
 MUSKETEERS WAIT             |      22.98
 NATIONAL STORY              |      22.98
 NECKLACE OUTBREAK           |      22.98
 ORANGE GRAPES               |      22.98
 OUTLAW HANKY                |      22.98
 PARIS WEEKEND               |      22.98
 PAST SUICIDES               |      22.98
 PELICAN COMFORTS            |      22.98
 PITTSBURGH HUNCHBACK        |      22.98
 RACER EGG                   |      22.98
 ROBBERY BRIGHT              |      22.98
 ROCKY WAR                   |      22.98
 SINNERS ATLANTIS            |      22.98
 SLUMS DUCK                  |      22.98
 SOMETHING DUCK              |      22.98
 STAGE WORLD                 |      22.98
 SUNDANCE INVASION           |      22.98
 TEQUILA PAST                |      22.98
 TYCOON GATHERING            |      22.98
 VALLEY PACKER               |      22.98
 WARDROBE PHANTOM            |      22.98
 WATERFRONT DELIVERANCE      |      22.98
 ACADEMY DINOSAUR            |      21.98
 ADAPTATION HOLES            |      21.98
 AMADEUS HOLY                |      21.98
 ANTHEM LUKE                 |      21.98
 APACHE DIVINE               |      21.98
 BASIC EASY                  |      21.98
 BLUES INSTINCT              |      21.98
 CARIBBEAN LIBERTY           |      21.98
 CASPER DRAGONFLY            |      21.98
 CASUALTIES ENCINO           |      21.98
 COAST RAINBOW               |      21.98
 CROWDS TELEMARK             |      21.98
 CYCLONE FAMILY              |      21.98
 DAY UNFAITHFUL              |      21.98
 DOGMA FAMILY                |      21.98
 DONNIE ALLEY                |      21.98
 DOUBTFIRE LABYRINTH         |      21.98
 DREAM PICKUP                |      21.98
 ENCOUNTERS CURTAIN          |      21.98
 EXCITEMENT EVE              |      21.98
 FLYING HOOK                 |      21.98
 GOLDMINE TYCOON             |      21.98
 GRAPES FURY                 |      21.98
 GREASE YOUTH                |      21.98
 HOLY TADPOLE                |      21.98
 IMPACT ALADDIN              |      21.98
 JERSEY SASSY                |      21.98
 LOVELY JINGLE               |      21.98
 MANNEQUIN WORST             |      21.98
 MASSACRE USUAL              |      21.98
 MAUDE MOD                   |      21.98
 MENAGERIE RUSHMORE          |      21.98
 MILLION ACE                 |      21.98
 MODERN DORADO               |      21.98
 MOON BUNCH                  |      21.98
 MOTHER OLEANDER             |      21.98
 MOULIN WAKE                 |      21.98
 NEIGHBORS CHARADE           |      21.98
 OPEN AFRICAN                |      21.98
 OTHERS SOUP                 |      21.98
 PACKER MADIGAN              |      21.98
 PHILADELPHIA WIFE           |      21.98
 PIRATES ROXANNE             |      21.98
 PRIDE ALAMO                 |      21.98
 RUSH GOODFELLAS             |      21.98
 SPIRITED CASUALTIES         |      21.98
 SPLENDOR PATTON             |      21.98
 STEERS ARMAGEDDON           |      21.98
 TROOPERS METAL              |      21.98
 WASTELAND DIVINE            |      21.98
 WON DARES                   |      21.98
 AGENT TRUMAN                |      20.98
 AIRPORT POLLOCK             |      20.98
 BIRDS PERDITION             |      20.98
 BUGSY SONG                  |      20.98
 BUTCH PANTHER               |      20.98
 CANDLES GRAPES              |      20.98
 CLERKS ANGELS               |      20.98
 DATE SPEED                  |      20.98
 DESTINATION JERK            |      20.98
 DOWNHILL ENOUGH             |      20.98
 ENTRAPMENT SATISFACTION     |      20.98
 EXORCIST STING              |      20.98
 GRAIL FRANKENSTEIN          |      20.98
 HOME PITY                   |      20.98
 HOMEWARD CIDER              |      20.98
 IMAGE PRINCESS              |      20.98
 INSIDER ARIZONA             |      20.98
 LEBOWSKI SOLDIERS           |      20.98
 LIAISONS SWEET              |      20.98
 LOVERBOY ATTACKS            |      20.98
 MAGIC MALLRATS              |      20.98
 MIDNIGHT WESTWARD           |      20.98
 MONEY HAROLD                |      20.98
 MYSTIC TRUMAN               |      20.98
 NOTTING SPEAKEASY           |      20.98
 PANIC CLUB                  |      20.98
 PERFECT GROOVE              |      20.98
 PERSONAL LADYBUGS           |      20.98
 PHANTOM GLORY               |      20.98
 PILOT HOOSIERS              |      20.98
 PREJUDICE OLEANDER          |      20.98
 RUSHMORE MERMAID            |      20.98
 SENSIBILITY REAR            |      20.98
 SEVEN SWARM                 |      20.98
 SNATCH SLIPPER              |      20.98
 STEEL SANTA                 |      20.98
 STONE FIRE                  |      20.98
 STRAIGHT HOURS              |      20.98
 TOWN ARK                    |      20.98
 TREATMENT JEKYLL            |      20.98
 VERTIGO NORTHWEST           |      20.98
 VICTORY ACADEMY             |      20.98
 WAGON JAWS                  |      20.98
 ATTRACTION NEWTON           |      19.98
 BEACH HEARTBREAKERS         |      19.98
 BIRD INDEPENDENCE           |      19.98
 CAT CONEHEADS               |      19.98
 CAUSE DATE                  |      19.98
 CHAMBER ITALIAN             |      19.98
 CITIZEN SHREK               |      19.98
 CLONES PINOCCHIO            |      19.98
 CONQUERER NUTS              |      19.98
 CONVERSATION DOWNHILL       |      19.98
 DARES PLUTO                 |      19.98
 DARN FORRESTER              |      19.98
 DURHAM PANKY                |      19.98
 EAGLES PANKY                |      19.98
 ENGLISH BULWORTH            |      19.98
 ENOUGH RAGING               |      19.98
 FREAKY POCUS                |      19.98
 FRONTIER CABIN              |      19.98
 GHOSTBUSTERS ELF            |      19.98
 HEDWIG ALTER                |      19.98
 JACKET FRISCO               |      19.98
 JET NEIGHBORS               |      19.98
 JUMPING WRATH               |      19.98
 KANE EXORCIST               |      19.98
 LADY STAGE                  |      19.98
 LEGALLY SECRETARY           |      19.98
 LEGEND JEDI                 |      19.98
 LOSE INCH                   |      19.98
 LOUISIANA HARRY             |      19.98
 NONE SPIKING                |      19.98
 OUTFIELD MASSACRE           |      19.98
 PARK CITIZEN                |      19.98
 POTTER CONNECTICUT          |      19.98
 RAINBOW SHOCK               |      19.98
 SMOOCHY CONTROL             |      19.98
 TRIP NEWTON                 |      19.98
 UPRISING UPTOWN             |      19.98
 UPTOWN YOUNG                |      19.98
 VELVET TERMINATOR           |      19.98
 VIRTUAL SPOILERS            |      19.98
 ANGELS LIFE                 |      18.98
 APOLLO TEEN                 |      18.98
 ARSENIC INDEPENDENCE        |      18.98
 ATLANTIS CAUSE              |      18.98
 AUTUMN CROW                 |      18.98
 BAREFOOT MANCHURIAN         |      18.98
 BOILED DARES                |      18.98
 BOUND CHEAPER               |      18.98
 BUTTERFLY CHOCOLAT          |      18.98
 CADDYSHACK JEDI             |      18.98
 CAROL TEXAS                 |      18.98
 CHILL LUCK                  |      18.98
 COMMANDMENTS EXPRESS        |      18.98
 CONFIDENTIAL INTERVIEW      |      18.98
 CRAFT OUTFIELD              |      18.98
 DARKO DORADO                |      18.98
 DAUGHTER MADIGAN            |      18.98
 DISCIPLE MOTHER             |      18.98
 DUCK RACER                  |      18.98
 DUMBO LUST                  |      18.98
 FORREST SONS                |      18.98
 FROGMEN BREAKING            |      18.98
 GABLES METROPOLIS           |      18.98
 GALAXY SWEETHEARTS          |      18.98
 HALL CASSIDY                |      18.98
 HARDLY ROBBERS              |      18.98
 HAUNTED ANTITRUST           |      18.98
 HEAVENLY GUN                |      18.98
 MUSIC BOONDOCK              |      18.98
 REMEMBER DIARY              |      18.98
 RINGS HEARTBREAKERS         |      18.98
 RUNAWAY TENENBAUMS          |      18.98
 SCALAWAG DUCK               |      18.98
 SHIP WONDERLAND             |      18.98
 SHOCK CABIN                 |      18.98
 SHREK LICENSE               |      18.98
 SKY MIRACLE                 |      18.98
 SLEEPING SUSPECTS           |      18.98
 SORORITY QUEEN              |      18.98
 SUICIDES SILENCE            |      18.98
 TEMPLE ATTRACTION           |      18.98
 TRAFFIC HOBBIT              |      18.98
 VANISHED GARDEN             |      18.98
 WARS PLUTO                  |      18.98
 WRATH MILE                  |      18.98
 ACE GOLDFINGER              |      17.98
 ALAMO VIDEOTAPE             |      17.98
 BRAVEHEART HUMAN            |      17.98
 BRIGHT ENCOUNTERS           |      17.98
 BRINGING HYSTERICAL         |      17.98
 BULWORTH COMMANDMENTS       |      17.98
 CENTER DINOSAUR             |      17.98
 CHOCOLAT HARRY              |      17.98
 CLOSER BANG                 |      17.98
 CONEHEADS SMOOCHY           |      17.98
 DETECTIVE VISION            |      17.98
 DEVIL DESIRE                |      17.98
 EASY GLADIATOR              |      17.98
 FRANKENSTEIN STRANGER       |      17.98
 FULL FLATLINERS             |      17.98
 GODFATHER DIARY             |      17.98
 GRADUATE LORD               |      17.98
 GUMP DATE                   |      17.98
 GUNFIGHT MOON               |      17.98
 IGBY MAKER                  |      17.98
 MINE TITANS                 |      17.98
 MINORITY KISS               |      17.98
 MOONWALKER FOOL             |      17.98
 MOTIONS DETAILS             |      17.98
 OZ LIAISONS                 |      17.98
 POLLOCK DELIVERANCE         |      17.98
 PRESIDENT BANG              |      17.98
 PRIMARY GLASS               |      17.98
 ROAD ROXANNE                |      17.98
 RUGRATS SHAKESPEARE         |      17.98
 SHRUNK DIVINE               |      17.98
 SLEEPLESS MONSOON           |      17.98
 SNATCHERS MONTEZUMA         |      17.98
 SPLASH GUMP                 |      17.98
 SQUAD FISH                  |      17.98
 STRANGER STRANGERS          |      17.98
 SUIT WALLS                  |      17.98
 UNBREAKABLE KARATE          |      17.98
 VARSITY TRIP                |      17.98
 VISION TORQUE               |      17.98
 VOLUME HOUSE                |      17.98
 WIZARD COLDBLOODED          |      17.98
 ANNIE IDENTITY              |      16.98
 APOCALYPSE FLAMINGOS        |      16.98
 BANGER PINOCCHIO            |      16.98
 BOOGIE AMELIE               |      16.98
 BUNCH MINDS                 |      16.98
 CHICAGO NORTH               |      16.98
 CHOCOLATE DUCK              |      16.98
 CIRCUS YOUTH                |      16.98
 CLUELESS BUCKET             |      16.98
 DEER VIRGINIAN              |      16.98
 DIVIDE MONSTER              |      16.98
 DWARFS ALTER                |      16.98
 ELIZABETH SHANE             |      16.98
 EYES DRIVING                |      16.98
 FERRIS MOTHER               |      16.98
 FIDELITY DEVIL              |      16.98
 FLINTSTONES HAPPINESS       |      16.98
 GLORY TRACY                 |      16.98
 HARPER DYING                |      16.98
 HOUSE DYNAMITE              |      16.98
 ILLUSION AMELIE             |      16.98
 IMPOSSIBLE PREJUDICE        |      16.98
 INTENTIONS EMPIRE           |      16.98
 JAWBREAKER BROOKLYN         |      16.98
 JERK PAYCHECK               |      16.98
 JUMANJI BLADE               |      16.98
 KILL BROTHERHOOD            |      16.98
 KISS GLORY                  |      16.98
 MAJESTIC FLOATS             |      16.98
 MEMENTO ZOOLANDER           |      16.98
 MIGHTY LUCK                 |      16.98
 MODEL FISH                  |      16.98
 MULHOLLAND BEAST            |      16.98
 MUMMY CREATURES             |      16.98
 NAME DETECTIVE              |      16.98
 OKLAHOMA JUMANJI            |      16.98
 ORDER BETRAYED              |      16.98
 POCUS PULP                  |      16.98
 PRIX UNDEFEATED             |      16.98
 RECORDS ZORRO               |      16.98
 ROLLERCOASTER BRINGING      |      16.98
 SABRINA MIDNIGHT            |      16.98
 SCARFACE BANG               |      16.98
 SCISSORHANDS SLUMS          |      16.98
 SECRET GROUNDHOG            |      16.98
 SILVERADO GOLDFINGER        |      16.98
 SPY MILE                    |      16.98
 STATE WASTELAND             |      16.98
 STREETCAR INTENTIONS        |      16.98
 TADPOLE PARK                |      16.98
 TERMINATOR CLUB             |      16.98
 TITANS JERK                 |      16.98
 TRAP GUYS                   |      16.98
 TROUBLE DATE                |      16.98
 UNFORGIVEN ZOOLANDER        |      16.98
 VAMPIRE WHALE               |      16.98
 WHALE BIKINI                |      16.98
 WORDS HUNTER                |      16.98
 YENTL IDAHO                 |      16.98
 ALONE TRIP                  |      15.98
 BILL OTHERS                 |      15.98
 BLACKOUT PRIVATE            |      15.98
 BOONDOCK BALLROOM           |      15.98
 CLASH FREDDY                |      15.98
 COMA HEAD                   |      15.98
 CRANES RESERVOIR            |      15.98
 DRUMLINE CYCLONE            |      15.98
 EFFECT GLADIATOR            |      15.98
 EXPENDABLE STALLION         |      15.98
 FICTION CHRISTMAS           |      15.98
 FIREHOUSE VIETNAM           |      15.98
 GREEDY ROOTS                |      15.98
 HOLIDAY GAMES               |      15.98
 HOOSIERS BIRDCAGE           |      15.98
 HOURS RAGE                  |      15.98
 IDENTITY LOVER              |      15.98
 INSECTS STONE               |      15.98
 INVASION CYCLONE            |      15.98
 JUGGLER HARDLY              |      15.98
 LONELY ELEPHANT             |      15.98
 MADNESS ATTACKS             |      15.98
 MOURNING PURPLE             |      15.98
 NOON PAPI                   |      15.98
 NUTS TIES                   |      15.98
 OCTOBER SUBMARINE           |      15.98
 ODDS BOOGIE                 |      15.98
 PAJAMA JAWBREAKER           |      15.98
 PARADISE SABRINA            |      15.98
 PATRIOT ROMAN               |      15.98
 PLATOON INSTINCT            |      15.98
 PULP BEVERLY                |      15.98
 SECRETARY ROUGE             |      15.98
 SHEPHERD MIDSUMMER          |      15.98
 SLIPPER FIDELITY            |      15.98
 SPIKING ELEMENT             |      15.98
 SPINAL ROCKY                |      15.98
 SUPER WYOMING               |      15.98
 TIGHTS DAWN                 |      15.98
 TOWERS HURRICANE            |      15.98
 TRAINSPOTTING STRANGERS     |      15.98
 UNFAITHFUL KILL             |      15.98
 VIDEOTAPE ARSENIC           |      15.98
 WEDDING APOLLO              |      15.98
 WITCHES PANIC               |      15.98
 YOUTH KICK                  |      15.98
 ANTITRUST TOMATOES          |      14.98
 BLOOD ARGONAUTS             |      14.98
 CONTROL ANTHEM              |      14.98
 DAISY MENAGERIE             |      14.98
 DOOM DANCING                |      14.98
 DRIVER ANNIE                |      14.98
 DUDE BLINDNESS              |      14.98
 DUFFEL APOCALYPSE           |      14.98
 EDGE KISSING                |      14.98
 FELLOWSHIP AUTUMN           |      14.98
 FIGHT JAWBREAKER            |      14.98
 FRIDA SLIPPER               |      14.98
 FROST HEAD                  |      14.98
 GILBERT PELICAN             |      14.98
 GREEK EVERYONE              |      14.98
 GROOVE FICTION              |      14.98
 HEARTBREAKERS BRIGHT        |      14.98
 HURRICANE AFFAIR            |      14.98
 HYDE DOCTOR                 |      14.98
 KILLER INNOCENT             |      14.98
 KISSING DOLLS               |      14.98
 LADYBUGS ARMAGEDDON         |      14.98
 LION UNCUT                  |      14.98
 MADISON TRAP                |      14.98
 MAIDEN HOME                 |      14.98
 MASSAGE IMAGE               |      14.98
 MATRIX SNOWMAN              |      14.98
 MONTEREY LABYRINTH          |      14.98
 MURDER ANTITRUST            |      14.98
 NORTH TEQUILA               |      14.98
 OPPOSITE NECKLACE           |      14.98
 PARTY KNOCK                 |      14.98
 PATHS CONTROL               |      14.98
 PIZZA JUMANJI               |      14.98
 PLUTO OLEANDER              |      14.98
 PSYCHO SHRUNK               |      14.98
 SAINTS BRIDE                |      14.98
 SMOKING BARBARELLA          |      14.98
 SONS INTERVIEW              |      14.98
 STEPMOM DREAM               |      14.98
 STING PERSONAL              |      14.98
 SWEETHEARTS SUSPECTS        |      14.98
 TARZAN VIDEOTAPE            |      14.98
 THIN SAGEBRUSH              |      14.98
 TIMBERLAND SKY              |      14.98
 TRUMAN CRAZY                |      14.98
 UNTOUCHABLES SUNRISE        |      14.98
 WOLVES DESIRE               |      14.98
 WORLD LEATHERNECKS          |      14.98
 ALIEN CENTER                |      13.98
 AMISTAD MIDSUMMER           |      13.98
 ANONYMOUS HUMAN             |      13.98
 ARGONAUTS TOWN              |      13.98
 ARTIST COLDBLOODED          |      13.98
 BALLOON HOMEWARD            |      13.98
 CANDIDATE PERDITION         |      13.98
 CLUB GRAFFITI               |      13.98
 CONTACT ANONYMOUS           |      13.98
 COWBOY DOOM                 |      13.98
 DOLLS RAGE                  |      13.98
 FEATHERS METAL              |      13.98
 GASLIGHT CRUSADE            |      13.98
 GIANT TROOPERS              |      13.98
 GO PURPLE                   |      13.98
 HAWK CHILL                  |      13.98
 HOLOCAUST HIGHBALL          |      13.98
 JAWS HARRY                  |      13.98
 JEDI BENEATH                |      13.98
 JEOPARDY ENCINO             |      13.98
 KENTUCKIAN GIANT            |      13.98
 LOCK REAR                   |      13.98
 LUCKY FLYING                |      13.98
 MAKER GABLES                |      13.98
 MASKED BUBBLE               |      13.98
 MUSSOLINI SPOILERS          |      13.98
 OLEANDER CLUE               |      13.98
 OUTBREAK DIVINE             |      13.98
 PEARL DESTINY               |      13.98
 POLISH BROOKLYN             |      13.98
 POTLUCK MIXED               |      13.98
 RESURRECTION SILVERADO      |      13.98
 SADDLE ANTITRUST            |      13.98
 SHINING ROSES               |      13.98
 SIERRA DIVIDE               |      13.98
 SOUP WISDOM                 |      13.98
 STOCK GLASS                 |      13.98
 SWARM GOLD                  |      13.98
 TURN STAR                   |      13.98
 WARLOCK WEREWOLF            |      13.98
 WATCH TRACY                 |      13.98
 WIND PHANTOM                |      13.98
 WISDOM WORKER               |      13.98
 WRONG BEHAVIOR              |      13.98
 BOULEVARD MOB               |      12.98
 CARRIE BUNCH                |      12.98
 CIDER DESIRE                |      12.98
 DRUMS DYNAMITE              |      12.98
 EGYPT TENENBAUMS            |      12.98
 GUNFIGHTER MUSSOLINI        |      12.98
 JASON TRAP                  |      12.98
 JUNGLE CLOSER               |      12.98
 LIFE TWISTED                |      12.98
 METROPOLIS COMA             |      12.98
 NOVOCAINE FLIGHT            |      12.98
 PET HAUNTING                |      12.98
 PURPLE MOVIE                |      12.98
 RAIDERS ANTITRUST           |      12.98
 STAR OPERATION              |      12.98
 TELEMARK HEARTBREAKERS      |      12.98
 TROJAN TOMORROW             |      12.98
 WESTWARD SEABISCUIT         |      12.98
 ARMAGEDDON LOST             |      11.98
 BLADE POLISH                |      11.98
 CATCH AMISTAD               |      11.98
 ENDING CROWDS               |      11.98
 EVOLUTION ALTER             |      11.98
 FINDING ANACONDA            |      11.98
 HAROLD FRENCH               |      11.98
 HIGHBALL POTTER             |      11.98
 INTRIGUE WORST              |      11.98
 KICK SAVANNAH               |      11.98
 MILE MULAN                  |      11.98
 MULAN MOON                  |      11.98
 ROUGE SQUAD                 |      11.98
 SLING LUKE                  |      11.98
 TOOTSIE PILOT               |      11.98
 TRANSLATION SUMMER          |      11.98
 ZHIVAGO CORE                |      11.98
 ANACONDA CONFESSIONS        |      10.98
 DELIVERANCE MULHOLLAND      |      10.98
 ENCINO ELF                  |      10.98
 FACTORY DRAGON              |      10.98
 GANDHI KWAI                 |      10.98
 NEWTON LABYRINTH            |      10.98
 NOTORIOUS REUNION           |      10.98
 PAPI NECKLACE               |      10.98
 ROXANNE REBEL               |      10.98
 SUN CONFESSIONS             |      10.98
 TALENTED HOMICIDE           |      10.98
 THEORY MERMAID              |      10.98
 VALENTINE VANISHING         |      10.98
 WAIT CIDER                  |      10.98
 YOUNG LANGUAGE              |      10.98
(1000 rows)
`
