`
Query:

SELECT
    film_id,
    title,
    rental_rate
FROM film
ORDER BY film_id
OFFSET 1001;

Plan:

                   query plan
------------------------------------------------
 select (film_id, title, rental_rate)
    offset 1001
        btree index scan of film via film_pkey
(1 rows)

Results:


--
(0 rows)
`
