`
Query:

SELECT
        first_name,
        last_name,
        'actor' AS source
    FROM actor
    WHERE actor_id < 5
UNION ALL
    SELECT
        first_name,
        last_name,
        'staff' AS source
    FROM staff
ORDER BY
    first_name,
    last_name,
    source;

Plan:

                        query plan
----------------------------------------------------------
 order by actor.first_name, actor.last_name, actor
    append
        project {first_name, last_name, actor as source}
            btree index scan of actor via actor_pkey
                index cond: actor.actor_id < 5
    and
        project {first_name, last_name, staff as source}
            table scan of staff
(1 rows)

Results:

 first_name | last_name | source
------------+-----------+--------
 ED         | CHASE     | actor
 JENNIFER   | DAVIS     | actor
 Jon        | Stephens  | staff
 Mike       | Hillyer   | staff
 NICK       | WAHLBERG  | actor
 PENELOPE   | GUINESS   | actor
(6 rows)
`
