`
Query:

SELECT
    f.film_id,
    f.title,
    f.rental_rate
FROM film f
ORDER BY f.film_id
LIMIT 5;

Plan:

                                                                                   query plan
--------------------------------------------------------------------------------------------------------------------------------------------------------------------------------
 select {film_id, title, rental_rate}
    limit 5
        select "f".{film_id, title, description, release_year, language_id, original_language_id, rental_duration, rental_rate, length, replacement_cost, rating, last_update}
            btree index scan of film via film_pkey
(1 rows)

Results:

 film_id |      title       | rental_rate
---------+------------------+-------------
       1 | ACADEMY DINOSAUR |        0.99
       2 | ACE GOLDFINGER   |        4.99
       3 | ADAPTATION HOLES |        2.99
       4 | AFFAIR PREJUDICE |        2.99
       5 | AFRICAN EGG      |        2.99
(5 rows)
`
