`
Query:

SELECT
    f.film_id,
    f.title,
    c.name
FROM film f
JOIN film_category fc ON f.film_id = fc.film_id
JOIN category c ON fc.category_id = c.category_id
WHERE length(f.title) > length(c.name)
ORDER BY
    rating,
    title
LIMIT 5;

Plan:

                                     query plan
------------------------------------------------------------------------------------
 select (f.film_id, f.title, c.name)
    limit 5
        order by f.rating, f.title
            join using nested loop
                join using nested loop
                    alias as f
                        table scan of film
                with
                    alias as fc
                        btree index scan of film_category via film_category_pkey
                            index cond: film_category.film_id = f.film_id
                on f.film_id = fc.film_id
            with
                alias as c
                    btree index scan of category via category_pkey
                        index cond: category.category_id = fc.category_id
                        filter: length(f.title) > length(category.name)
            on fc.category_id = c.category_id and length(f.title) > length(c.name)
(1 rows)

Results:

 film_id |       title       |  name
---------+-------------------+---------
       2 | ACE GOLDFINGER    | Horror
       4 | AFFAIR PREJUDICE  | Horror
       5 | AFRICAN EGG       | Family
      11 | ALAMO VIDEOTAPE   | Foreign
      22 | AMISTAD MIDSUMMER | New
(5 rows)
`
