`
Query:

SELECT
    f.film_id,
    f.title,
    c.name
FROM film f
JOIN film_category fc ON f.film_id = fc.film_id
JOIN category c ON fc.category_id = c.category_id
WHERE
    f.rental_rate > 4.50 AND
    c.name = 'Action'
ORDER BY
    rating,
    title
LIMIT 5;

Plan:

                                                                                       query plan
-----------------------------------------------------------------------------------------------------------------------------------------------------------------------------------------
 select (f.film_id, f.title, c.name)
    limit 5
        order by f.rating, f.title
            join using nested loop
                join using nested loop
                    select f(film_id, title, description, release_year, language_id, original_language_id, rental_duration, rental_rate, length, replacement_cost, rating, last_update)
                        table scan of film
                            filter: film.rental_rate > 4.5
                with
                    select fc(film_id, category_id, last_update)
                        btree index scan of film_category via film_category_pkey
                            index cond: film_category.film_id = f.film_id
            with
                select c(category_id, name, last_update)
                    btree index scan of category via category_pkey
                        index cond: category.category_id = fc.category_id
                        filter: category.name = Action
(1 rows)

Results:

 film_id |       title       |  name
---------+-------------------+--------
     126 | CASUALTIES ENCINO | Action
     212 | DARN FORRESTER    | Action
     271 | EASY GLADIATOR    | Action
     371 | GOSFORD DONNIE    | Action
     915 | TRUMAN CRAZY      | Action
(5 rows)
`
