`
Query:

SELECT f.film_id
FROM film f
ORDER BY f.film_id
LIMIT 5;

Plan:

                                                                                 query plan
-----------------------------------------------------------------------------------------------------------------------------------------------------------------------------
 select (film_id)
    limit 5
        select f(film_id, title, description, release_year, language_id, original_language_id, rental_duration, rental_rate, length, replacement_cost, rating, last_update)
            btree index scan of film via film_pkey
(1 rows)

Results:

 film_id
---------
       1
       2
       3
       4
       5
(5 rows)
`
